# Failed Channel Id subscriptions from: Thu Nov 21 06:50:29 PM PST 2024
UC1VLQPn9cYSqx8plbk9RxxQ                                                                        
UC43jvuDhTmV5MPDyUWwp73w                                                                        
UC4h92EhT-VG9Euu-gHpyNOw                                                                        
UCHDxUoVwYwp-CJbKLWOI9lw                                                                        
UCbdjjTZBHNSgjzuJQqH5-pw                                                                        
UCiMg06DjcUk5FRiM3g5sqoQ                                                                        
UCixtXKyZzWLH_-dGRMuXcmA                                                                        
UCj1VqrHhDte54oLgPG4xpuQ                                                                        
UCjPD2ehwsbOJ-ALRhod1yLA                                                                        
UCjgpFI5dU-D1-kh9H1muoxQ                                                                        
UCjopaHAfd2mACUtwTpK1I9Q                                                                        
UCk2ipH2l8RvLG0dr-rsBiZw                                                                        
UCkDbLiXbx6CIRZuyW9sZK1g 
UCkJ6eQKpHZgsZBla4JgKj3A
UCkZqmunq1xPgj7IcK7D7X0A
UCkk_WbK4R0sFWLPS8W3goVA
